blast_parser.pl_output_stats.py
blast_parser.pl_output_stats.py
blast_parser.pl_output_stats.py
